// Jest Snapshot v1, https://goo.gl/fbAQLP

exports[`Reports Page test renders and matches snapshot 1`] = `
<div
  className="reports-page main-content"
>
  <h2
    className="title"
  >
    Reports
  </h2>
  <div
    className="activate-panel"
  >
    <div
      className="activate-panel_body"
    >
      <table
        className="activate-table activate-table--condensed"
      >
        <thead
          className="activate-table_header"
        >
          <tr>
            <th
              className="activate-table_header_item"
            >
              Report Name
            </th>
          </tr>
        </thead>
        <tbody
          className="activate-table_body"
        >
          <tr
            className="activate-table_row activate-table_row--odd"
            onClick={[Function]}
          >
            <td
              className="activate-table_row_column report-name-cell"
            >
              <a
                className="activate-button activate-button--default activate-button--size-default"
                disabled={false}
                href="/reports/rep_1"
                onClick={[Function]}
              >
                rep 1
              </a>
            </td>
          </tr>
          <tr
            className="activate-table_row"
            onClick={[Function]}
          >
            <td
              className="activate-table_row_column report-name-cell"
            >
              <a
                className="activate-button activate-button--default activate-button--size-default"
                disabled={false}
                href="/reports/rep_2"
                onClick={[Function]}
              >
                rep 2
              </a>
            </td>
          </tr>
          <tr
            className="activate-table_row activate-table_row--odd"
            onClick={[Function]}
          >
            <td
              className="activate-table_row_column report-name-cell"
            >
              <a
                className="activate-button activate-button--default activate-button--size-default"
                disabled={false}
                href="/vendor_report"
                onClick={[Function]}
              >
                Vendor Report
              </a>
            </td>
          </tr>
        </tbody>
      </table>
    </div>
  </div>
</div>
`;
