// Jest Snapshot v1, https://goo.gl/fbAQLP

exports[`Side Navigation test renders and matches snapshot 1`] = `
<div
  className="activate-side-navigation"
>
  <ul
    className="activate-side-navigation_items"
  >
    <li
      className="activate-side-navigation_items_item"
    >
      <a
        href="/tables"
        onClick={[Function]}
      >
        <span
          className="activate-icon fa fa-home"
          id={undefined}
          onClick={undefined}
        />
        Tables
      </a>
    </li>
    <li
      className="activate-side-navigation_items_item"
    >
      <a
        href="/search"
        onClick={[Function]}
      >
        <span
          className="activate-icon fa fa-search"
          id={undefined}
          onClick={undefined}
        />
        Search
      </a>
    </li>
    <li
      className="activate-side-navigation_items_item"
    >
      <a
        href="/reports"
        onClick={[Function]}
      >
        <span
          className="activate-icon fa fa-pie-chart"
          id={undefined}
          onClick={undefined}
        />
        Reports
      </a>
    </li>
    <li
      className="activate-side-navigation_items_item"
    >
      <a
        href="/users"
        onClick={[Function]}
      >
        <span
          className="activate-icon fa fa-users"
          id={undefined}
          onClick={undefined}
        />
        Users
      </a>
    </li>
    <li
      className="activate-side-navigation_items_item"
    >
      <a
        href="/roles"
        onClick={[Function]}
      >
        <span
          className="activate-icon fa fa-calendar-check-o"
          id={undefined}
          onClick={undefined}
        />
        Roles
      </a>
    </li>
  </ul>
</div>
`;
