// Jest Snapshot v1, https://goo.gl/fbAQLP

exports[`Profile Page test renders and matches snapshot 1`] = `
<div
  className="profile-page main-content main-content--stretched"
>
  <h2
    className="title"
  >
    Profile
  </h2>
  <div
    className="activate-panel profile-page_form"
  >
    <div
      className="activate-panel_body profile-page_form"
    >
      <h3
        className="profile-page_form_title"
      >
        General Information
      </h3>
      <label
        className="activate-label"
      >
        <span>
          Full Name
        </span>
        <div
          className="activate-input activate-input--dark"
        >
          <input
            className="activate-input_input"
            disabled={false}
            name="full_name"
            onChange={[Function]}
            type="text"
            value="John Doe"
          />
        </div>
      </label>
      <label
        className="activate-label"
      >
        <span>
          Phone
        </span>
        <div
          className="activate-input activate-input--dark"
        >
          <input
            className="activate-input_input"
            disabled={false}
            name="phone"
            onChange={[Function]}
            type="text"
            value="123-555-1234"
          />
        </div>
      </label>
      <label
        className="activate-label"
      >
        <span>
          Email
        </span>
        <div
          className="activate-input activate-input--dark"
        >
          <input
            className="activate-input_input"
            disabled={false}
            name="email"
            onChange={[Function]}
            type="email"
            value="email@test.com"
          />
        </div>
      </label>
      <h3
        className="profile-page_form_title"
      >
        Change Password
      </h3>
      <label
        className="activate-label"
      >
        <span>
          New Password
        </span>
        <div
          className="activate-input activate-input--dark"
        >
          <input
            className="activate-input_input"
            disabled={false}
            name="password"
            onChange={[Function]}
            placeholder="Enter New Password"
            type="password"
            value=""
          />
        </div>
      </label>
      <label
        className="activate-label"
      >
        <span>
          Confirm Password
        </span>
        <div
          className="activate-input activate-input--dark"
        >
          <input
            className="activate-input_input"
            disabled={false}
            name="confirm_password"
            onChange={[Function]}
            placeholder="Confirm Password"
            type="password"
            value=""
          />
        </div>
      </label>
      <button
        className="activate-button activate-button--primary activate-button--size-default profile-page_form_button"
        disabled={false}
        onClick={[Function]}
        to={undefined}
      >
        <span
          className="activate-icon fa fa-check-square-o"
          id={undefined}
          onClick={undefined}
        />
        Update Profile
      </button>
    </div>
  </div>
</div>
`;
