// Jest Snapshot v1, https://goo.gl/fbAQLP

exports[`Grid test renders and matches snapshot 1`] = `
<div
  className="persmap-row persmap-row--2"
  columnCount={2}
>
  <div
    className="persmap-column persmap-column--6"
    width={6}
  >
    test column
  </div>
  <div
    className="persmap-column persmap-column--6"
    width={6}
  >
    test column
  </div>
</div>
`;
